// Jest Snapshot v1, https://goo.gl/fbAQLP

exports[`<sitePage /> should render and match the snapshot 1`] = `
<sitepage
  repos=""
/>
`;
